[2026-09-14T18:58:33.505Z] [INFO] [AutoQueue] Processing 0 pending and 50 approved drafts...
[2026-09-14T19:00:11.878Z] [INFO] [AutoQueue] Automatically queued COMMENT for draft 37180f2e-7780-4ecc-97c7-8be853a4b8c5
[2026-09-14T19:00:17.157Z] [INFO] [AutoQueue] Automatically queued LIKE for draft afc024f6-6375-43d9-8196-9491fc298c1a
[2026-09-14T19:00:32.172Z] [INFO] [AutoQueue] Automatically queued LIKE for draft 848cf88e-559c-4089-9319-bf84eb929336
[2026-09-14T19:01:34.040Z] [INFO] [AutoQueue] Processing 0 pending and 50 approved drafts...
[2026-09-14T19:02:02.861Z] [INFO] [ScanResume] Prioritized 60/60 prospects (by ICP score, anti-cluster cap=2)
[2026-09-14T19:03:12.505Z] [INFO] [AutoQueue] Automatically queued COMMENT for draft 37180f2e-7780-4ecc-97c7-8be853a4b8c5
[2026-09-14T19:03:18.182Z] [INFO] [AutoQueue] Automatically queued LIKE for draft afc024f6-6375-43d9-8196-9491fc298c1a
[2026-09-14T19:03:33.014Z] [INFO] [AutoQueue] Automatically queued LIKE for draft 848cf88e-559c-4089-9319-bf84eb929336
[2026-09-14T19:04:33.204Z] [INFO] [AutoQueue] Processing 0 pending and 50 approved drafts...
[2026-09-14T19:04:42.707Z] [INFO] ◇ injected env (0) from .env [2m// tip: ◈ encrypted .env [www.dotenvx.com][0m
[2026-09-14T19:04:42.715Z] [INFO] [AutoDrain] Server-side queue drain worker started (gap: 300s)
[2026-09-14T19:04:42.715Z] [INFO] [AutoQueue] Auto-approve and queue worker started (every 30s)
[2026-09-14T19:04:42.715Z] [INFO] [ScanResume] Campaign scan resume worker started (every 10m)
[2026-09-14T19:04:42.716Z] [INFO] RecruitmentOS ICP server listening on http://localhost:3000
[2026-09-14T19:05:17.713Z] [INFO] [AutoQueue] Processing 0 pending and 50 approved drafts...
[2026-09-14T19:05:31.639Z] [INFO] ◇ injected env (0) from .env [2m// tip: ◈ encrypted .env [www.dotenvx.com][0m
[2026-09-14T19:05:31.647Z] [INFO] [AutoDrain] Server-side queue drain worker started (gap: 300s)
[2026-09-14T19:05:31.647Z] [INFO] [AutoQueue] Auto-approve and queue worker started (every 30s)
[2026-09-14T19:05:31.647Z] [INFO] [ScanResume] Campaign scan resume worker started (every 10m)
[2026-09-14T19:05:31.649Z] [INFO] RecruitmentOS ICP server listening on http://localhost:3000
[2026-09-14T19:05:47.249Z] [INFO] ◇ injected env (0) from .env [2m// tip: ⌁ auth for agents [www.vestauth.com][0m
[2026-09-14T19:05:47.254Z] [INFO] [AutoDrain] Server-side queue drain worker started (gap: 300s)
[2026-09-14T19:05:47.254Z] [INFO] [AutoQueue] Auto-approve and queue worker started (every 30s)
[2026-09-14T19:05:47.254Z] [INFO] [ScanResume] Campaign scan resume worker started (every 10m)
[2026-09-14T19:05:47.255Z] [INFO] RecruitmentOS ICP server listening on http://localhost:3000
[2026-09-14T19:05:59.558Z] [INFO] ◇ injected env (0) from .env [2m// tip: ⌘ custom filepath { path: '/custom/path/.env' }[0m
[2026-09-14T19:05:59.565Z] [INFO] [AutoDrain] Server-side queue drain worker started (gap: 300s)
[2026-09-14T19:05:59.565Z] [INFO] [AutoQueue] Auto-approve and queue worker started (every 30s)
[2026-09-14T19:05:59.565Z] [INFO] [ScanResume] Campaign scan resume worker started (every 10m)
[2026-09-14T19:05:59.566Z] [INFO] RecruitmentOS ICP server listening on http://localhost:3000
[2026-09-14T19:06:06.324Z] [INFO] ◇ injected env (0) from .env [2m// tip: ⌁ auth for agents [www.vestauth.com][0m
[2026-09-14T19:06:06.329Z] [INFO] [AutoDrain] Server-side queue drain worker started (gap: 300s)
[2026-09-14T19:06:06.329Z] [INFO] [AutoQueue] Auto-approve and queue worker started (every 30s)
[2026-09-14T19:06:06.329Z] [INFO] [ScanResume] Campaign scan resume worker started (every 10m)
[2026-09-14T19:06:06.330Z] [INFO] RecruitmentOS ICP server listening on http://localhost:3000
[2026-09-14T19:06:14.999Z] [INFO] ◇ injected env (0) from .env [2m// tip: ◈ encrypted .env [www.dotenvx.com][0m
[2026-09-14T19:06:15.004Z] [INFO] [AutoDrain] Server-side queue drain worker started (gap: 300s)
[2026-09-14T19:06:15.004Z] [INFO] [AutoQueue] Auto-approve and queue worker started (every 30s)
[2026-09-14T19:06:15.004Z] [INFO] [ScanResume] Campaign scan resume worker started (every 10m)
[2026-09-14T19:06:15.005Z] [INFO] RecruitmentOS ICP server listening on http://localhost:3000
[2026-09-14T19:06:50.229Z] [INFO] [AutoQueue] Processing 0 pending and 50 approved drafts...
[2026-09-14T19:08:25.303Z] [INFO] [AutoQueue] Automatically queued COMMENT for draft 37180f2e-7780-4ecc-97c7-8be853a4b8c5
[2026-09-14T19:08:30.591Z] [INFO] [AutoQueue] Automatically queued LIKE for draft afc024f6-6375-43d9-8196-9491fc298c1a
[2026-09-14T19:08:45.189Z] [INFO] [AutoQueue] Automatically queued LIKE for draft 848cf88e-559c-4089-9319-bf84eb929336
[2026-09-14T19:09:48.716Z] [INFO] [AutoQueue] Processing 0 pending and 50 approved drafts...
[2026-09-14T19:11:25.579Z] [INFO] [AutoQueue] Automatically queued COMMENT for draft 37180f2e-7780-4ecc-97c7-8be853a4b8c5
[2026-09-14T19:11:30.962Z] [INFO] [AutoQueue] Automatically queued LIKE for draft afc024f6-6375-43d9-8196-9491fc298c1a
[2026-09-14T19:11:45.296Z] [INFO] [AutoQueue] Automatically queued LIKE for draft 848cf88e-559c-4089-9319-bf84eb929336
[2026-09-14T19:12:49.343Z] [INFO] [AutoQueue] Processing 0 pending and 50 approved drafts...
[2026-09-14T19:14:23.358Z] [INFO] [AutoQueue] Automatically queued COMMENT for draft 37180f2e-7780-4ecc-97c7-8be853a4b8c5
[2026-09-14T19:14:28.567Z] [INFO] [AutoQueue] Automatically queued LIKE for draft afc024f6-6375-43d9-8196-9491fc298c1a
[2026-09-14T19:14:42.788Z] [INFO] [AutoQueue] Automatically queued LIKE for draft 848cf88e-559c-4089-9319-bf84eb929336
[2026-09-14T19:15:48.882Z] [INFO] [AutoQueue] Processing 0 pending and 50 approved drafts...
[2026-09-14T19:16:15.007Z] [INFO] [AutoDrain] ON HOLD: Prospect scanning is currently running. Skipping queue execution.
[2026-09-14T19:16:17.681Z] [INFO] [ScanResume] Prioritized 60/60 prospects (by ICP score, anti-cluster cap=2)
[2026-09-14T19:17:23.909Z] [INFO] [AutoQueue] Automatically queued COMMENT for draft 37180f2e-7780-4ecc-97c7-8be853a4b8c5
[2026-09-14T19:17:29.025Z] [INFO] [AutoQueue] Automatically queued LIKE for draft afc024f6-6375-43d9-8196-9491fc298c1a
[2026-09-14T19:17:43.065Z] [INFO] [AutoQueue] Automatically queued LIKE for draft 848cf88e-559c-4089-9319-bf84eb929336
[2026-09-14T19:21:15.008Z] [INFO] [AutoDrain] ON HOLD: Prospect scanning is currently running. Skipping queue execution.
[2026-09-14T19:28:22.537Z] [INFO] ◇ injected env (0) from .env [2m// tip: ⌘ suppress logs { quiet: true }[0m
[2026-09-14T19:28:22.542Z] [INFO] [AutoDrain] Server-side queue drain worker started (gap: 300s)
[2026-09-14T19:28:22.542Z] [INFO] [AutoQueue] Auto-approve and queue worker started (every 30s)
[2026-09-14T19:28:22.542Z] [INFO] [ScanResume] Campaign scan resume worker started (every 10m)
[2026-09-14T19:28:22.543Z] [INFO] RecruitmentOS ICP server listening on http://localhost:3000
[2026-09-14T19:28:57.825Z] [INFO] [AutoQueue] Processing 0 pending and 50 approved drafts...
[2026-09-14T19:30:33.611Z] [INFO] [AutoQueue] Automatically queued COMMENT for draft 37180f2e-7780-4ecc-97c7-8be853a4b8c5
[2026-09-14T19:30:38.950Z] [INFO] [AutoQueue] Automatically queued LIKE for draft afc024f6-6375-43d9-8196-9491fc298c1a
[2026-09-14T19:30:53.557Z] [INFO] [AutoQueue] Automatically queued LIKE for draft 848cf88e-559c-4089-9319-bf84eb929336
[2026-09-14T19:31:55.891Z] [INFO] [AutoQueue] Processing 0 pending and 50 approved drafts...
[2026-09-14T19:33:31.058Z] [INFO] [AutoQueue] Automatically queued COMMENT for draft 37180f2e-7780-4ecc-97c7-8be853a4b8c5
[2026-09-14T19:33:36.393Z] [INFO] [AutoQueue] Automatically queued LIKE for draft afc024f6-6375-43d9-8196-9491fc298c1a
[2026-09-14T19:33:51.073Z] [INFO] [AutoQueue] Automatically queued LIKE for draft 848cf88e-559c-4089-9319-bf84eb929336
[2026-09-14T19:34:56.304Z] [INFO] [AutoQueue] Processing 0 pending and 50 approved drafts...
[2026-09-14T19:36:31.239Z] [INFO] [AutoQueue] Automatically queued COMMENT for draft 37180f2e-7780-4ecc-97c7-8be853a4b8c5
[2026-09-14T19:36:36.452Z] [INFO] [AutoQueue] Automatically queued LIKE for draft afc024f6-6375-43d9-8196-9491fc298c1a
[2026-09-14T19:36:50.970Z] [INFO] [AutoQueue] Automatically queued LIKE for draft 848cf88e-559c-4089-9319-bf84eb929336
[2026-09-14T19:37:56.408Z] [INFO] [AutoQueue] Processing 0 pending and 50 approved drafts...
[2026-09-14T19:38:22.546Z] [INFO] [AutoDrain] ON HOLD: Prospect scanning is currently running. Skipping queue execution.
[2026-09-14T19:38:25.211Z] [INFO] [ScanResume] Prioritized 60/60 prospects (by ICP score, anti-cluster cap=2)
[2026-09-14T19:39:33.295Z] [INFO] [AutoQueue] Automatically queued COMMENT for draft 37180f2e-7780-4ecc-97c7-8be853a4b8c5
[2026-09-14T19:39:38.396Z] [INFO] [AutoQueue] Automatically queued LIKE for draft afc024f6-6375-43d9-8196-9491fc298c1a
[2026-09-14T19:39:52.690Z] [INFO] [AutoQueue] Automatically queued LIKE for draft 848cf88e-559c-4089-9319-bf84eb929336
[2026-09-14T19:43:22.547Z] [INFO] [AutoDrain] ON HOLD: Prospect scanning is currently running. Skipping queue execution.
